<testsuites name="results">
  <testsuite name="all" package="all">
    <property name="random_seed" value="1778344900" />
    <testcase name="test_all_zeros" classname="test" file="/workspaces/FFT-tiny-tapeout/test/test.py" lineno="120" time="0.009989500045776367" sim_time_ns="13600.0" ratio_time="1361429.4947373446" />
    <testcase name="test_dc_signal" classname="test" file="/workspaces/FFT-tiny-tapeout/test/test.py" lineno="135" time="0.010102987289428711" sim_time_ns="13700.0" ratio_time="1356034.5675516224" />
    <testcase name="test_impulse" classname="test" file="/workspaces/FFT-tiny-tapeout/test/test.py" lineno="160" time="0.01106715202331543" sim_time_ns="13700.0" ratio_time="1237897.5161033198" />
    <testcase name="test_single_tone_sine" classname="test" file="/workspaces/FFT-tiny-tapeout/test/test.py" lineno="182" time="0.01159214973449707" sim_time_ns="13700.0" ratio_time="1181834.2855967586" />
    <testcase name="test_nyquist_bin" classname="test" file="/workspaces/FFT-tiny-tapeout/test/test.py" lineno="207" time="0.010547637939453125" sim_time_ns="13700.0" ratio_time="1298869.0054249547" />
    <testcase name="test_random_data" classname="test" file="/workspaces/FFT-tiny-tapeout/test/test.py" lineno="229" time="0.0434110164642334" sim_time_ns="41100.0" ratio_time="946764.285831974" />
    <testcase name="test_ena_gate" classname="test" file="/workspaces/FFT-tiny-tapeout/test/test.py" lineno="255" time="0.01207876205444336" sim_time_ns="20600.0" ratio_time="1705472.7882831313" />
  </testsuite>
</testsuites>